Archive member included to satisfy reference by file (symbol)

c:/users/wuxue/desktop/ese519/7.0/toolchain/avr8/avr8-gnu-toolchain/bin/../lib/gcc/avr/5.4.0/../../../../avr/lib/avr5\libm.a(addsf3.o)
                              lib/hx711.o (__subsf3)
c:/users/wuxue/desktop/ese519/7.0/toolchain/avr8/avr8-gnu-toolchain/bin/../lib/gcc/avr/5.4.0/../../../../avr/lib/avr5\libm.a(addsf3x.o)
                              c:/users/wuxue/desktop/ese519/7.0/toolchain/avr8/avr8-gnu-toolchain/bin/../lib/gcc/avr/5.4.0/../../../../avr/lib/avr5\libm.a(addsf3.o) (__addsf3x)
c:/users/wuxue/desktop/ese519/7.0/toolchain/avr8/avr8-gnu-toolchain/bin/../lib/gcc/avr/5.4.0/../../../../avr/lib/avr5\libm.a(cmpsf2.o)
                              main.o (__ltsf2)
c:/users/wuxue/desktop/ese519/7.0/toolchain/avr8/avr8-gnu-toolchain/bin/../lib/gcc/avr/5.4.0/../../../../avr/lib/avr5\libm.a(divsf3.o)
                              lib/hx711.o (__divsf3)
c:/users/wuxue/desktop/ese519/7.0/toolchain/avr8/avr8-gnu-toolchain/bin/../lib/gcc/avr/5.4.0/../../../../avr/lib/avr5\libm.a(divsf3x.o)
                              c:/users/wuxue/desktop/ese519/7.0/toolchain/avr8/avr8-gnu-toolchain/bin/../lib/gcc/avr/5.4.0/../../../../avr/lib/avr5\libm.a(divsf3.o) (__divsf3x)
c:/users/wuxue/desktop/ese519/7.0/toolchain/avr8/avr8-gnu-toolchain/bin/../lib/gcc/avr/5.4.0/../../../../avr/lib/avr5\libm.a(fixsfsi.o)
                              lib/hx711.o (__fixsfsi)
c:/users/wuxue/desktop/ese519/7.0/toolchain/avr8/avr8-gnu-toolchain/bin/../lib/gcc/avr/5.4.0/../../../../avr/lib/avr5\libm.a(fixunssfsi.o)
                              c:/users/wuxue/desktop/ese519/7.0/toolchain/avr8/avr8-gnu-toolchain/bin/../lib/gcc/avr/5.4.0/../../../../avr/lib/avr5\libm.a(fixsfsi.o) (__fixunssfsi)
c:/users/wuxue/desktop/ese519/7.0/toolchain/avr8/avr8-gnu-toolchain/bin/../lib/gcc/avr/5.4.0/../../../../avr/lib/avr5\libm.a(floatsisf.o)
                              lib/shtc3.o (__floatunsisf)
c:/users/wuxue/desktop/ese519/7.0/toolchain/avr8/avr8-gnu-toolchain/bin/../lib/gcc/avr/5.4.0/../../../../avr/lib/avr5\libm.a(fp_cmp.o)
                              c:/users/wuxue/desktop/ese519/7.0/toolchain/avr8/avr8-gnu-toolchain/bin/../lib/gcc/avr/5.4.0/../../../../avr/lib/avr5\libm.a(cmpsf2.o) (__fp_cmp)
c:/users/wuxue/desktop/ese519/7.0/toolchain/avr8/avr8-gnu-toolchain/bin/../lib/gcc/avr/5.4.0/../../../../avr/lib/avr5\libm.a(fp_inf.o)
                              c:/users/wuxue/desktop/ese519/7.0/toolchain/avr8/avr8-gnu-toolchain/bin/../lib/gcc/avr/5.4.0/../../../../avr/lib/avr5\libm.a(addsf3x.o) (__fp_inf)
c:/users/wuxue/desktop/ese519/7.0/toolchain/avr8/avr8-gnu-toolchain/bin/../lib/gcc/avr/5.4.0/../../../../avr/lib/avr5\libm.a(fp_nan.o)
                              c:/users/wuxue/desktop/ese519/7.0/toolchain/avr8/avr8-gnu-toolchain/bin/../lib/gcc/avr/5.4.0/../../../../avr/lib/avr5\libm.a(addsf3x.o) (__fp_nan)
c:/users/wuxue/desktop/ese519/7.0/toolchain/avr8/avr8-gnu-toolchain/bin/../lib/gcc/avr/5.4.0/../../../../avr/lib/avr5\libm.a(fp_pscA.o)
                              c:/users/wuxue/desktop/ese519/7.0/toolchain/avr8/avr8-gnu-toolchain/bin/../lib/gcc/avr/5.4.0/../../../../avr/lib/avr5\libm.a(addsf3x.o) (__fp_pscA)
c:/users/wuxue/desktop/ese519/7.0/toolchain/avr8/avr8-gnu-toolchain/bin/../lib/gcc/avr/5.4.0/../../../../avr/lib/avr5\libm.a(fp_pscB.o)
                              c:/users/wuxue/desktop/ese519/7.0/toolchain/avr8/avr8-gnu-toolchain/bin/../lib/gcc/avr/5.4.0/../../../../avr/lib/avr5\libm.a(addsf3x.o) (__fp_pscB)
c:/users/wuxue/desktop/ese519/7.0/toolchain/avr8/avr8-gnu-toolchain/bin/../lib/gcc/avr/5.4.0/../../../../avr/lib/avr5\libm.a(fp_round.o)
                              c:/users/wuxue/desktop/ese519/7.0/toolchain/avr8/avr8-gnu-toolchain/bin/../lib/gcc/avr/5.4.0/../../../../avr/lib/avr5\libm.a(addsf3.o) (__fp_round)
c:/users/wuxue/desktop/ese519/7.0/toolchain/avr8/avr8-gnu-toolchain/bin/../lib/gcc/avr/5.4.0/../../../../avr/lib/avr5\libm.a(fp_split3.o)
                              c:/users/wuxue/desktop/ese519/7.0/toolchain/avr8/avr8-gnu-toolchain/bin/../lib/gcc/avr/5.4.0/../../../../avr/lib/avr5\libm.a(addsf3x.o) (__fp_split3)
c:/users/wuxue/desktop/ese519/7.0/toolchain/avr8/avr8-gnu-toolchain/bin/../lib/gcc/avr/5.4.0/../../../../avr/lib/avr5\libm.a(fp_zero.o)
                              c:/users/wuxue/desktop/ese519/7.0/toolchain/avr8/avr8-gnu-toolchain/bin/../lib/gcc/avr/5.4.0/../../../../avr/lib/avr5\libm.a(addsf3x.o) (__fp_zero)
c:/users/wuxue/desktop/ese519/7.0/toolchain/avr8/avr8-gnu-toolchain/bin/../lib/gcc/avr/5.4.0/../../../../avr/lib/avr5\libm.a(mulsf3.o)
                              lib/shtc3.o (__mulsf3)
c:/users/wuxue/desktop/ese519/7.0/toolchain/avr8/avr8-gnu-toolchain/bin/../lib/gcc/avr/5.4.0/../../../../avr/lib/avr5\libm.a(mulsf3x.o)
[...]
Memory Configuration

Name             Origin             Length             Attributes
text             0x00000000         0x00008000         xr
data             0x00800100         0x00000800         rw !x
eeprom           0x00810000         0x00000400         rw !x
fuse             0x00820000         0x00000003         rw !x
lock             0x00830000         0x00000400         rw !x
signature        0x00840000         0x00000400         rw !x
user_signatures  0x00850000         0x00000400         rw !x
*default*        0x00000000         0xffffffff

Linker script and memory map

Address of section .data set to 0x800100
LOAD C:/Users/wuxue/Desktop/ese519/7.0/Packs/Atmel/ATmega_DFP/2.1.506/gcc/dev/atmega328p/avr5/crtatmega328p.o
LOAD FreeRTOS/Source/croutine.o
LOAD FreeRTOS/Source/event_groups.o
LOAD FreeRTOS/Source/list.o
LOAD FreeRTOS/Source/portable/GCC/ATMega328/port.o
LOAD FreeRTOS/Source/portable/MemMang/heap_1.o
LOAD FreeRTOS/Source/queue.o
LOAD FreeRTOS/Source/tasks.o
LOAD FreeRTOS/Source/timers.o
LOAD lib/hx711.o
LOAD lib/i2c.o
LOAD lib/shtc3.o
LOAD lib/uart.o
LOAD main.o
START GROUP
LOAD c:/users/wuxue/desktop/ese519/7.0/toolchain/avr8/avr8-gnu-toolchain/bin/../lib/gcc/avr/5.4.0/../../../../avr/lib/avr5\libm.a
END GROUP
START GROUP
LOAD c:/users/wuxue/desktop/ese519/7.0/toolchain/avr8/avr8-gnu-toolchain/bin/../lib/gcc/avr/5.4.0/avr5\libgcc.a
LOAD c:/users/wuxue/desktop/ese519/7.0/toolchain/avr8/avr8-gnu-toolchain/bin/../lib/gcc/avr/5.4.0/../../../../avr/lib/avr5\libm.a
LOAD c:/users/wuxue/desktop/ese519/7.0/toolchain/avr8/avr8-gnu-toolchain/bin/../lib/gcc/avr/5.4.0/../../../../avr/lib/avr5\libc.a
LOAD C:/Users/wuxue/Desktop/ese519/7.0/Packs/Atmel/ATmega_DFP/2.1.506/gcc/dev/atmega328p/avr5\libatmega328p.a
END GROUP
                0x00000000                __TEXT_REGION_ORIGIN__ = DEFINED (__TEXT_REGION_ORIGIN__)?__TEXT_REGION_ORIGIN__:0x0
                [0x00800100]                __DATA_REGION_ORIGIN__ = DEFINED (__DATA_REGION_ORIGIN__)?__DATA_REGION_ORIGIN__:0x800060
                [0x00008000]                __TEXT_REGION_LENGTH__ = DEFINED (__TEXT_REGION_LENGTH__)?__TEXT_REGION_LENGTH__:0x20000
                [0x00000800]                __DATA_REGION_LENGTH__ = DEFINED (__DATA_REGION_LENGTH__)?__DATA_REGION_LENGTH__:0xffa0
                [0x00000400]                __EEPROM_REGION_LENGTH__ = DEFINED (__EEPROM_REGION_LENGTH__)?__EEPROM_REGION_LENGTH__:0x10000
                [0x00000003]                __FUSE_REGION_LENGTH__ = DEFINED (__FUSE_REGION_LENGTH__)?__FUSE_REGION_LENGTH__:0x400
                0x00000400                __LOCK_REGION_LENGTH__ = DEFINED (__LOCK_REGION_LENGTH__)?__LOCK_REGION_LENGTH__:0x400
                0x00000400                __SIGNATURE_REGION_LENGTH__ = DEFINED (__SIGNATURE_REGION_LENGTH__)?__SIGNATURE_REGION_LENGTH__:0x400
                0x00000400                __USER_SIGNATURE_REGION_LENGTH__ = DEFINED (__USER_SIGNATURE_REGION_LENGTH__)?__USER_SIGNATURE_REGION_LENGTH__:0x400

.hash
 *(.hash)

.dynsym
 *(.dynsym)

.dynstr
 *(.dynstr)

.gnu.version
 *(.gnu.version)

.gnu.version_d
 *(.gnu.version_d)

.gnu.version_r
 *(.gnu.version_r)

.rel.init
 *(.rel.init)

.rela.init
 *(.rela.init)

.rel.text
 *(.rel.text)
 *(.rel.text.*)
 *(.rel.gnu.linkonce.t*)

.rela.text
 *(.rela.text)
 *(.rela.text.*)
 *(.rela.gnu.linkonce.t*)

.rel.fini
 *(.rel.fini)

.rela.fini
 *(.rela.fini)

.rel.rodata
 *(.rel.rodata)
 *(.rel.rodata.*)
 *(.rel.gnu.linkonce.r*)

.rela.rodata
 *(.rela.rodata)
 *(.rela.rodata.*)
 *(.rela.gnu.linkonce.r*)

.rel.data
 *(.rel.data)
 *(.rel.data.*)
 *(.rel.gnu.linkonce.d*)

.rela.data
 *(.rela.data)
 *(.rela.data.*)
 *(.rela.gnu.linkonce.d*)

.rel.ctors
 *(.rel.ctors)

.rela.ctors
 *(.rela.ctors)

.rel.dtors
 *(.rel.dtors)

.rela.dtors
 *(.rela.dtors)

.rel.got
 *(.rel.got)

.rela.got
 *(.rela.got)

.rel.bss
 *(.rel.bss)

.rela.bss
 *(.rela.bss)

.rel.plt
 *(.rel.plt)

.rela.plt
 *(.rela.plt)

.text           0x00000000     0x22f8
 *(.vectors)
 .vectors       0x00000000       0x68 C:/Users/wuxue/Desktop/ese519/7.0/Packs/Atmel/ATmega_DFP/2.1.506/gcc/dev/atmega328p/avr5/crtatmega328p.o
                0x00000000                __vector_default
                0x00000000                __vectors
 *(.vectors)
 *(.progmem.gcc*)
                0x00000068                . = ALIGN (0x2)
                0x00000068                __trampolines_start = .
 *(.trampolines)
 .trampolines   0x00000068        0x0 linker stubs
 *(.trampolines*)
                0x00000068                __trampolines_end = .
 *libprintf_flt.a:*(.progmem.data)
 *libc.a:*(.progmem.data)
 .progmem.data  0x00000068       0xfa c:/users/wuxue/desktop/ese519/7.0/toolchain/avr8/avr8-gnu-toolchain/bin/../lib/gcc/avr/5.4.0/../../../../avr/lib/avr5\libc.a(ftoa_engine.o)
 *(.progmem*)
                0x00000162                . = ALIGN (0x2)
 *(.jumptables)
 *(.jumptables*)
 *(.lowtext)
 *(.lowtext*)
                0x00000162                __ctors_start = .
 *(.ctors)
                0x00000162                __ctors_end = .
                0x00000162                __dtors_start = .
 *(.dtors)
                0x00000162                __dtors_end = .
 SORT(*)(.ctors)
 SORT(*)(.dtors)
 *(.init0)
 .init0         0x00000162        0x0 C:/Users/wuxue/Desktop/ese519/7.0/Packs/Atmel/ATmega_DFP/2.1.506/gcc/dev/atmega328p/avr5/crtatmega328p.o
                0x00000162                __init
 *(.init0)
 *(.init1)
 *(.init1)
 *(.init2)
 .init2         0x00000162        0xc C:/Users/wuxue/Desktop/ese519/7.0/Packs/Atmel/ATmega_DFP/2.1.506/gcc/dev/atmega328p/avr5/crtatmega328p.o
 *(.init2)
 *(.init3)
 *(.init3)
 *(.init4)
 .init4         0x0000016e       0x16 c:/users/wuxue/desktop/ese519/7.0/toolchain/avr8/avr8-gnu-toolchain/bin/../lib/gcc/avr/5.4.0/avr5\libgcc.a(_copy_data.o)
                0x0000016e                __do_copy_data
 .init4         0x00000184       0x10 c:/users/wuxue/desktop/ese519/7.0/toolchain/avr8/avr8-gnu-toolchain/bin/../lib/gcc/avr/5.4.0/avr5\libgcc.a(_clear_bss.o)
                0x00000184                __do_clear_bss
 *(.init4)
 *(.init5)
 *(.init5)
 *(.init6)
 *(.init6)
 *(.init7)
 *(.init7)
 *(.init8)
 *(.init8)
 *(.init9)
 .init9         0x00000194        0x8 C:/Users/wuxue/Desktop/ese519/7.0/Packs/Atmel/ATmega_DFP/2.1.506/gcc/dev/atmega328p/avr5/crtatmega328p.o
 *(.init9)
 *(.text)
 .text          0x0000019c        0x4 C:/Users/wuxue/Desktop/ese519/7.0/Packs/Atmel/ATmega_DFP/2.1.506/gcc/dev/atmega328p/avr5/crtatmega328p.o
                0x0000019c                __vector_22
                0x0000019c                __vector_1
                0x0000019c                __vector_24
                0x0000019c                __vector_12
                0x0000019c                __bad_interrupt
                0x0000019c                __vector_6
                0x0000019c                __vector_3
                0x0000019c                __vector_23
                0x0000019c                __vector_25
                0x0000019c                __vector_13
                0x0000019c                __vector_17
                0x0000019c                __vector_19
                0x0000019c                __vector_7
                0x0000019c                __vector_5
                0x0000019c                __vector_4
                0x0000019c                __vector_9
                0x0000019c                __vector_2
                0x0000019c                __vector_21
                0x0000019c                __vector_15
                0x0000019c                __vector_8
                0x0000019c                __vector_14
                0x0000019c                __vector_10
                0x0000019c                __vector_16
                0x0000019c                __vector_18
                0x0000019c                __vector_20
                0x000001a0                . = ALIGN (0x2)
 *(.text.*)
 .text.vListInsertEnd
                0x000001a0       0x42 FreeRTOS/Source/list.o
                0x000001a0                vListInsertEnd
 .text.uxListRemove
                0x000001e2       0x4c FreeRTOS/Source/list.o
                0x000001e2                uxListRemove
 .text.vPortYieldFromTick
                0x0000022e       0xb8 FreeRTOS/Source/portable/GCC/ATMega328/port.o
                0x0000022e                vPortYieldFromTick
 .text.__vector_11
                0x000002e6        0x6 FreeRTOS/Source/portable/GCC/ATMega328/port.o
                0x000002e6                __vector_11
 .text.prvResetNextTaskUnblockTime
                0x000002ec       0x3e FreeRTOS/Source/tasks.o
 .text.xTaskIncrementTick
                0x0000032a      0x178 FreeRTOS/Source/tasks.o
                0x0000032a                xTaskIncrementTick
 .text.vTaskSwitchContext
                0x000004a2       0xb8 FreeRTOS/Source/tasks.o
                0x000004a2                vTaskSwitchContext
 .text.hx711_read
                0x0000055a       0x6a lib/hx711.o
                0x0000055a                hx711_read
 .text.hx711_readwithtare
                0x000005c4       0x52 lib/hx711.o
                0x000005c4                hx711_readwithtare
 .text.hx711_getweight
                0x00000616       0x1a lib/hx711.o
                0x00000616                hx711_getweight
 .text.hx711_setgain
                0x00000630       0x3a lib/hx711.o
                0x00000630                hx711_setgain
 .text.hx711_setscale
                0x0000066a       0x12 lib/hx711.o
                0x0000066a                hx711_setscale
 .text.hx711_setoffset
                0x0000067c       0x12 lib/hx711.o
                0x0000067c                hx711_setoffset
 .text.hx711_init
                0x0000068e       0x5a lib/hx711.o
                0x0000068e                hx711_init
 .text.i2c_stop
                0x000006e8       0x24 lib/i2c.o
                0x000006e8                i2c_stop
 .text.i2c_start
                0x0000070c       0x78 lib/i2c.o
                0x0000070c                i2c_start
 .text.i2c_start_wait
                0x00000784       0x96 lib/i2c.o
                0x00000784                i2c_start_wait
 .text.i2c_put  0x0000081a       0x36 lib/i2c.o
                0x0000081a                i2c_put
 .text.i2c_get_ack
                0x00000850       0x2c lib/i2c.o
                0x00000850                i2c_get_ack
 .text.i2c_write_raw
                0x0000087c       0x2e lib/i2c.o
                0x0000087c                i2c_write_raw
 .text.i2c_is_available
                0x000008aa        0x8 lib/i2c.o
                0x000008aa                i2c_is_available
 .text.shtc3_check_crc
                0x000008b2       0x44 lib/shtc3.o
 .text.SHTC3_raw2temperature
                0x000008f6       0x30 lib/shtc3.o
 .text.SHTC3_raw2humidity
                0x00000926       0x24 lib/shtc3.o
 .text.shtc3_init
                0x0000094a       0x24 lib/shtc3.o
                0x0000094a                shtc3_init
 .text.shtc3_read16_crc
                0x0000096e       0x78 lib/shtc3.o
                0x0000096e                shtc3_read16_crc
 .text.shtc3_get_temperature_humidity
                0x000009e6       0xf4 lib/shtc3.o
                0x000009e6                shtc3_get_temperature_humidity
 .text.shtc3_get_temperature
                0x00000ada       0x26 lib/shtc3.o
                0x00000ada                shtc3_get_temperature
 .text.shtc3_get_humidity
                0x00000b00       0x28 lib/shtc3.o
                0x00000b00                shtc3_get_humidity
 .text.UART_initilization
                0x00000b28       0x20 lib/uart.o
                0x00000b28                UART_initilization
 .text.UART_transmit
                0x00000b48        0xe lib/uart.o
                0x00000b48                UART_transmit
 .text.UART_print
                0x00000b56       0x1a lib/uart.o
                0x00000b56                UART_print
 .text.Initialization
                0x00000b70       0x4c main.o
                0x00000b70                Initialization
 .text.map      0x00000bbc       0x8c main.o
                0x00000bbc                map
 .text.ADC_Initialization
                0x00000c48       0x6a main.o
                0x00000c48                ADC_Initialization
 .text.Watering_and_SunSeeking
                0x00000cb2      0x248 main.o
                0x00000cb2                Watering_and_SunSeeking
 .text.HX711_measure_weight
                0x00000efa       0xb4 main.o
                0x00000efa                HX711_measure_weight
 .text.SHTC3_measure_humanity_temperature
                0x00000fae      0x122 main.o
                0x00000fae                SHTC3_measure_humanity_temperature
 .text.uart_transmit_string
                0x000010d0       0x1a main.o
                0x000010d0                uart_transmit_string
 .text.transend
                0x000010ea      0x156 main.o
                0x000010ea                transend
 .text.Buzzer   0x00001240       0x32 main.o
                0x00001240                Buzzer
 .text.main     0x00001272       0xde main.o
                0x00001272                main
 .text.avr-libc.fplib
                0x00001350        0xe c:/users/wuxue/desktop/ese519/7.0/toolchain/avr8/avr8-gnu-toolchain/bin/../lib/gcc/avr/5.4.0/../../../../avr/lib/avr5\libm.a(addsf3.o)
                0x00001350                __subsf3
                0x00001352                __addsf3
 .text.avr-libc.fplib
                0x0000135e       0xcc c:/users/wuxue/desktop/ese519/7.0/toolchain/avr8/avr8-gnu-toolchain/bin/../lib/gcc/avr/5.4.0/../../../../avr/lib/avr5\libm.a(addsf3x.o)
                0x00001380                __addsf3x
 .text.avr-libc.fplib
                0x0000142a        0xa c:/users/wuxue/desktop/ese519/7.0/toolchain/avr8/avr8-gnu-toolchain/bin/../lib/gcc/avr/5.4.0/../../../../avr/lib/avr5\libm.a(cmpsf2.o)
                0x0000142a                __nesf2
                0x0000142a                __eqsf2
                0x0000142a                __cmpsf2
                0x0000142a                __ltsf2
                0x0000142a                __lesf2
 .text.avr-libc.fplib
                0x00001434        0x8 c:/users/wuxue/desktop/ese519/7.0/toolchain/avr8/avr8-gnu-toolchain/bin/../lib/gcc/avr/5.4.0/../../../../avr/lib/avr5\libm.a(divsf3.o)
                0x00001434                __divsf3
 .text.avr-libc.fplib
                0x0000143c       0xdc c:/users/wuxue/desktop/ese519/7.0/toolchain/avr8/avr8-gnu-toolchain/bin/../lib/gcc/avr/5.4.0/../../../../avr/lib/avr5\libm.a(divsf3x.o)
                0x0000145c                __divsf3x
                0x00001462                __divsf3_pse
 .text.avr-libc.fplib
                0x00001518       0x7a c:/users/wuxue/desktop/ese519/7.0/toolchain/avr8/avr8-gnu-toolchain/bin/../lib/gcc/avr/5.4.0/../../../../avr/lib/avr5\libm.a(floatsisf.o)
                0x00001518                __floatunsisf
                0x0000151c                __floatsisf
 .text.avr-libc.fplib
                0x00001592       0x48 c:/users/wuxue/desktop/ese519/7.0/toolchain/avr8/avr8-gnu-toolchain/bin/../lib/gcc/avr/5.4.0/../../../../avr/lib/avr5\libm.a(fp_cmp.o)
                0x00001592                __fp_cmp
 .text.avr-libc.fplib
                0x000015da        0xc c:/users/wuxue/desktop/ese519/7.0/toolchain/avr8/avr8-gnu-toolchain/bin/../lib/gcc/avr/5.4.0/../../../../avr/lib/avr5\libm.a(fp_inf.o)
                0x000015da                __fp_inf
 .text.avr-libc.fplib
                0x000015e6        0x6 c:/users/wuxue/desktop/ese519/7.0/toolchain/avr8/avr8-gnu-toolchain/bin/../lib/gcc/avr/5.4.0/../../../../avr/lib/avr5\libm.a(fp_nan.o)
                0x000015e6                __fp_nan
 .text.avr-libc.fplib
                0x000015ec        0xe c:/users/wuxue/desktop/ese519/7.0/toolchain/avr8/avr8-gnu-toolchain/bin/../lib/gcc/avr/5.4.0/../../../../avr/lib/avr5\libm.a(fp_pscA.o)
                0x000015ec                __fp_pscA
 .text.avr-libc.fplib
                0x000015fa        0xe c:/users/wuxue/desktop/ese519/7.0/toolchain/avr8/avr8-gnu-toolchain/bin/../lib/gcc/avr/5.4.0/../../../../avr/lib/avr5\libm.a(fp_pscB.o)
                0x000015fa                __fp_pscB
 .text.avr-libc.fplib
                0x00001608       0x22 c:/users/wuxue/desktop/ese519/7.0/toolchain/avr8/avr8-gnu-toolchain/bin/../lib/gcc/avr/5.4.0/../../../../avr/lib/avr5\libm.a(fp_round.o)
                0x00001608                __fp_round
 .text.avr-libc.fplib
                0x0000162a       0x44 c:/users/wuxue/desktop/ese519/7.0/toolchain/avr8/avr8-gnu-toolchain/bin/../lib/gcc/avr/5.4.0/../../../../avr/lib/avr5\libm.a(fp_split3.o)
                0x0000162a                __fp_split3
                0x0000163a                __fp_splitA
 .text.avr-libc.fplib
                0x0000166e        0xe c:/users/wuxue/desktop/ese519/7.0/toolchain/avr8/avr8-gnu-toolchain/bin/../lib/gcc/avr/5.4.0/../../../../avr/lib/avr5\libm.a(fp_zero.o)
                0x0000166e                __fp_zero
                0x00001670                __fp_szero
 .text.avr-libc.fplib
                0x0000167c        0x8 c:/users/wuxue/desktop/ese519/7.0/toolchain/avr8/avr8-gnu-toolchain/bin/../lib/gcc/avr/5.4.0/../../../../avr/lib/avr5\libm.a(mulsf3.o)
                0x0000167c                __mulsf3
 .text.avr-libc.fplib
                0x00001684       0xd2 c:/users/wuxue/desktop/ese519/7.0/toolchain/avr8/avr8-gnu-toolchain/bin/../lib/gcc/avr/5.4.0/../../../../avr/lib/avr5\libm.a(mulsf3x.o)
                0x000016a2                __mulsf3x
                0x000016a8                __mulsf3_pse
 .text.libgcc.mul
                0x00001756       0x20 c:/users/wuxue/desktop/ese519/7.0/toolchain/avr8/avr8-gnu-toolchain/bin/../lib/gcc/avr/5.4.0/avr5\libgcc.a(_mulsi3.o)
                0x00001756                __mulsi3
 .text.libgcc.div
                0x00001776       0x28 c:/users/wuxue/desktop/ese519/7.0/toolchain/avr8/avr8-gnu-toolchain/bin/../lib/gcc/avr/5.4.0/avr5\libgcc.a(_divmodhi4.o)
                0x00001776                _div
                0x00001776                __divmodhi4
 .text.libgcc.div
                0x0000179e       0x2e c:/users/wuxue/desktop/ese519/7.0/toolchain/avr8/avr8-gnu-toolchain/bin/../lib/gcc/avr/5.4.0/avr5\libgcc.a(_divmodsi4.o)
                0x0000179e                __divmodsi4
 .text.libgcc.div
                0x000017cc       0x10 c:/users/wuxue/desktop/ese519/7.0/toolchain/avr8/avr8-gnu-toolchain/bin/../lib/gcc/avr/5.4.0/avr5\libgcc.a(_negsi2.o)
                0x000017cc                __negsi2
 .text.libgcc.mul
                0x000017dc       0x16 c:/users/wuxue/desktop/ese519/7.0/toolchain/avr8/avr8-gnu-toolchain/bin/../lib/gcc/avr/5.4.0/avr5\libgcc.a(_muluhisi3.o)
                0x000017dc                __muluhisi3
 .text.libgcc.div
                0x000017f2       0x28 c:/users/wuxue/desktop/ese519/7.0/toolchain/avr8/avr8-gnu-toolchain/bin/../lib/gcc/avr/5.4.0/avr5\libgcc.a(_udivmodhi4.o)
                0x000017f2                __udivmodhi4
 .text.libgcc.div
                0x0000181a       0x44 c:/users/wuxue/desktop/ese519/7.0/toolchain/avr8/avr8-gnu-toolchain/bin/../lib/gcc/avr/5.4.0/avr5\libgcc.a(_udivmodsi4.o)
                0x0000181a                __udivmodsi4
 .text.libgcc.mul
                0x0000185e       0x1e c:/users/wuxue/desktop/ese519/7.0/toolchain/avr8/avr8-gnu-toolchain/bin/../lib/gcc/avr/5.4.0/avr5\libgcc.a(_umulhisi3.o)
                0x0000185e                __umulhisi3
 .text.avr-libc
                0x0000187c       0x40 c:/users/wuxue/desktop/ese519/7.0/toolchain/avr8/avr8-gnu-toolchain/bin/../lib/gcc/avr/5.4.0/../../../../avr/lib/avr5\libc.a(dtostrf.o)
                0x0000187c                dtostrf
 .text.avr-libc
                0x000018bc       0x44 c:/users/wuxue/desktop/ese519/7.0/toolchain/avr8/avr8-gnu-toolchain/bin/../lib/gcc/avr/5.4.0/../../../../avr/lib/avr5\libc.a(sprintf.o)
                0x000018bc                sprintf
 .text.avr-libc
                0x00001900      0x3c2 c:/users/wuxue/desktop/ese519/7.0/toolchain/avr8/avr8-gnu-toolchain/bin/../lib/gcc/avr/5.4.0/../../../../avr/lib/avr5\libc.a(vfprintf_std.o)
                0x00001900                vfprintf
 .text.avr-libc
                0x00001cc2      0x2b4 c:/users/wuxue/desktop/ese519/7.0/toolchain/avr8/avr8-gnu-toolchain/bin/../lib/gcc/avr/5.4.0/../../../../avr/lib/avr5\libc.a(dtoa_prf.o)
                0x00001cc2                dtoa_prf
 .text.avr-libc
                0x00001f76      0x1b0 c:/users/wuxue/desktop/ese519/7.0/toolchain/avr8/avr8-gnu-toolchain/bin/../lib/gcc/avr/5.4.0/../../../../avr/lib/avr5\libc.a(ftoa_engine.o)
                0x00001f76                __ftoa_engine
 .text.avr-libc
                0x00002126       0x16 c:/users/wuxue/desktop/ese519/7.0/toolchain/avr8/avr8-gnu-toolchain/bin/../lib/gcc/avr/5.4.0/../../../../avr/lib/avr5\libc.a(strnlen_P.o)
                0x00002126                strnlen_P
 .text.avr-libc
                0x0000213c       0x16 c:/users/wuxue/desktop/ese519/7.0/toolchain/avr8/avr8-gnu-toolchain/bin/../lib/gcc/avr/5.4.0/../../../../avr/lib/avr5\libc.a(strnlen.o)
                0x0000213c                strnlen
 .text.avr-libc
                0x00002152       0x78 c:/users/wuxue/desktop/ese519/7.0/toolchain/avr8/avr8-gnu-toolchain/bin/../lib/gcc/avr/5.4.0/../../../../avr/lib/avr5\libc.a(fputc.o)
                0x00002152                fputc
 .text.avr-libc
                0x000021ca       0xbc c:/users/wuxue/desktop/ese519/7.0/toolchain/avr8/avr8-gnu-toolchain/bin/../lib/gcc/avr/5.4.0/../../../../avr/lib/avr5\libc.a(ultoa_invert.o)
                0x000021ca                __ultoa_invert
 .text.libgcc.prologue
                0x00002286       0x38 c:/users/wuxue/desktop/ese519/7.0/toolchain/avr8/avr8-gnu-toolchain/bin/../lib/gcc/avr/5.4.0/avr5\libgcc.a(_prologue.o)
                0x00002286                __prologue_saves__
 .text.libgcc.prologue
                0x000022be       0x36 c:/users/wuxue/desktop/ese519/7.0/toolchain/avr8/avr8-gnu-toolchain/bin/../lib/gcc/avr/5.4.0/avr5\libgcc.a(_epilogue.o)
                0x000022be                __epilogue_restores__
                0x000022f4                . = ALIGN (0x2)
 *(.fini9)
 .fini9         0x000022f4        0x0 c:/users/wuxue/desktop/ese519/7.0/toolchain/avr8/avr8-gnu-toolchain/bin/../lib/gcc/avr/5.4.0/avr5\libgcc.a(_exit.o)
                0x000022f4                _exit
                0x000022f4                exit
 *(.fini9)
 *(.fini8)
 *(.fini8)
 *(.fini7)
 *(.fini7)
 *(.fini6)
 *(.fini6)
 *(.fini5)
 *(.fini5)
 *(.fini4)
 *(.fini4)
 *(.fini3)
 *(.fini3)
 *(.fini2)
 *(.fini2)
 *(.fini1)
 *(.fini1)
 *(.fini0)
 .fini0         0x000022f4        0x4 c:/users/wuxue/desktop/ese519/7.0/toolchain/avr8/avr8-gnu-toolchain/bin/../lib/gcc/avr/5.4.0/avr5\libgcc.a(_exit.o)
 *(.fini0)
                0x000022f8                _etext = .

.data           0x00800100       0x82 load address 0x000022f8
                0x00800100                PROVIDE (__data_start, .)
 *(.data)
 *(.data*)
 .data.xNextTaskUnblockTime
                0x00800100        0x2 FreeRTOS/Source/tasks.o
 .data.scale    0x00800102        0x4 main.o
                0x00800102                scale
 .data.offset   0x00800106        0x4 main.o
                0x00800106                offset
 .data.gain     0x0080010a        0x1 main.o
                0x0080010a                gain
 .data.pump     0x0080010b        0x4 main.o
                0x0080010b                pump
 *(.gnu.linkonce.d*)
 *(.rodata)
 *(.rodata*)
 .rodata.str1.1
                0x0080010f       0x73 main.o
 *(.gnu.linkonce.r*)
                0x00800182                . = ALIGN (0x2)
                0x00800182                _edata = .
                0x00800182                PROVIDE (__data_end, .)

.bss            0x00800182      0x133
                0x00800182                PROVIDE (__bss_start, .)
 *(.bss)
 *(.bss*)
 .bss.uxSchedulerSuspended
                0x00800182        0x1 FreeRTOS/Source/tasks.o
 .bss.xNumOfOverflows
                0x00800183        0x1 FreeRTOS/Source/tasks.o
 .bss.xYieldPending
                0x00800184        0x1 FreeRTOS/Source/tasks.o
 .bss.uxPendedTicks
                0x00800185        0x1 FreeRTOS/Source/tasks.o
 .bss.uxTopReadyPriority
                0x00800186        0x1 FreeRTOS/Source/tasks.o
 .bss.xTickCount
                0x00800187        0x2 FreeRTOS/Source/tasks.o
 .bss.pxOverflowDelayedTaskList
                0x00800189        0x2 FreeRTOS/Source/tasks.o
 .bss.pxDelayedTaskList
                0x0080018b        0x2 FreeRTOS/Source/tasks.o
 .bss.pxReadyTasksLists
                0x0080018d       0x24 FreeRTOS/Source/tasks.o
 .bss.pxCurrentTCB
                0x008001b1        0x2 FreeRTOS/Source/tasks.o
                0x008001b1                pxCurrentTCB
 .bss.hx711_offset
                0x008001b3        0x4 lib/hx711.o
 .bss.hx711_scale
                0x008001b7        0x4 lib/hx711.o
 .bss.hx711_gain
                0x008001bb        0x1 lib/hx711.o
 .bss.ADC_channel.2334
                0x008001bc        0x2 main.o
 .bss.weight    0x008001be        0x4 main.o
                0x008001be                weight
 .bss.soil_mositure
                0x008001c2        0x4 main.o
                0x008001c2                soil_mositure
 .bss.soil_mositure_reading
                0x008001c6        0x2 main.o
                0x008001c6                soil_mositure_reading
 .bss.photoresistor_difference
                0x008001c8        0x2 main.o
                0x008001c8                photoresistor_difference
 .bss.photoresistor2_reading
                0x008001ca        0x2 main.o
                0x008001ca                photoresistor2_reading
 .bss.photoresistor1_reading
                0x008001cc        0x2 main.o
                0x008001cc                photoresistor1_reading
 .bss.rotationDirection
                0x008001ce        0x2 main.o
                0x008001ce                rotationDirection
 *(COMMON)
 COMMON         0x008001d0       0xe5 main.o
                0x008001d0                shtc3_temperature
                0x008001d4                shtc3
                0x008001d5                shtc3_humanity
                0x008001d9                charArray
                0x0080023d                String
                0x00800251                printbuff
                0x008002b5                PROVIDE (__bss_end, .)
                0x000022f8                __data_load_start = LOADADDR (.data)
                0x0000237a                __data_load_end = (__data_load_start + SIZEOF (.data))

.noinit         0x008002b5        0x0
                [!provide]                PROVIDE (__noinit_start, .)
 *(.noinit*)
                [!provide]                PROVIDE (__noinit_end, .)
                0x008002b5                _end = .
                [!provide]                PROVIDE (__heap_start, .)

.eeprom         0x00810000        0x0
 *(.eeprom*)
                0x00810000                __eeprom_end = .

.fuse
 *(.fuse)
 *(.lfuse)
 *(.hfuse)
 *(.efuse)

.lock
 *(.lock*)

.signature
 *(.signature*)

.user_signatures
 *(.user_signatures*)

.stab
 *(.stab)

.stabstr
 *(.stabstr)

.stab.excl
 *(.stab.excl)

.stab.exclstr
 *(.stab.exclstr)

.stab.index
 *(.stab.index)

.stab.indexstr
 *(.stab.indexstr)

.comment        0x00000000       0x5c
 *(.comment)
 .comment       0x00000000       0x30 FreeRTOS/Source/list.o
                                 0x31 (size before relaxing)
 .comment       0x00000030       0x31 FreeRTOS/Source/portable/GCC/ATMega328/port.o
 .comment       0x00000030       0x31 FreeRTOS/Source/tasks.o
 .comment       0x00000030       0x31 lib/hx711.o
 .comment       0x00000030       0x31 lib/i2c.o
 .comment       0x00000030       0x31 lib/shtc3.o
 .comment       0x00000030       0x31 lib/uart.o
 .comment       0x00000030       0x31 main.o
 .comment       0x00000030       0x31 c:/users/wuxue/desktop/ese519/7.0/toolchain/avr8/avr8-gnu-toolchain/bin/../lib/gcc/avr/5.4.0/../../../../avr/lib/avr5\libc.a(dtostrf.o)
 .comment       0x00000030       0x31 c:/users/wuxue/desktop/ese519/7.0/toolchain/avr8/avr8-gnu-toolchain/bin/../lib/gcc/avr/5.4.0/../../../../avr/lib/avr5\libc.a(sprintf.o)
 .comment       0x00000030       0x2c c:/users/wuxue/desktop/ese519/7.0/toolchain/avr8/avr8-gnu-toolchain/bin/../lib/gcc/avr/5.4.0/../../../../avr/lib/avr5\libc.a(vfprintf_std.o)
                                 0x2d (size before relaxing)
 .comment       0x0000005c       0x31 c:/users/wuxue/desktop/ese519/7.0/toolchain/avr8/avr8-gnu-toolchain/bin/../lib/gcc/avr/5.4.0/../../../../avr/lib/avr5\libc.a(dtoa_prf.o)
 .comment       0x0000005c       0x31 c:/users/wuxue/desktop/ese519/7.0/toolchain/avr8/avr8-gnu-toolchain/bin/../lib/gcc/avr/5.4.0/../../../../avr/lib/avr5\libc.a(fputc.o)

.note.gnu.avr.deviceinfo
                0x00000000       0x40
 .note.gnu.avr.deviceinfo
                0x00000000       0x40 C:/Users/wuxue/Desktop/ese519/7.0/Packs/Atmel/ATmega_DFP/2.1.506/gcc/dev/atmega328p/avr5/crtatmega328p.o

.note.gnu.build-id
 *(.note.gnu.build-id)

.debug
 *(.debug)

.line
 *(.line)

.debug_srcinfo
 *(.debug_srcinfo)

.debug_sfnames
 *(.debug_sfnames)

.debug_aranges  0x00000000      0x4a8
 *(.debug_aranges)
 .debug_aranges
                0x00000000       0x40 FreeRTOS/Source/list.o
 .debug_aranges
                0x00000040       0x50 FreeRTOS/Source/portable/GCC/ATMega328/port.o
 .debug_aranges
                0x00000090      0x128 FreeRTOS/Source/tasks.o
 .debug_aranges
                0x000001b8       0x98 lib/hx711.o
 .debug_aranges
                0x00000250      0x130 lib/i2c.o
 .debug_aranges
                0x00000380       0x88 lib/shtc3.o
 .debug_aranges
                0x00000408       0x38 lib/uart.o
 .debug_aranges
                0x00000440       0x68 main.o

.debug_pubnames
 *(.debug_pubnames)

.debug_info     0x00000000     0x5024
 *(.debug_info .gnu.linkonce.wi.*)
 .debug_info    0x00000000      0x5f4 C:/Users/wuxue/Desktop/ese519/7.0/Packs/Atmel/ATmega_DFP/2.1.506/gcc/dev/atmega328p/avr5/crtatmega328p.o
 .debug_info    0x000005f4      0x2c6 FreeRTOS/Source/list.o
 .debug_info    0x000008ba      0x24d FreeRTOS/Source/portable/GCC/ATMega328/port.o
 .debug_info    0x00000b07     0x16f5 FreeRTOS/Source/tasks.o
 .debug_info    0x000021fc      0x488 lib/hx711.o
 .debug_info    0x00002684     0x1423 lib/i2c.o
 .debug_info    0x00003aa7      0x9ff lib/shtc3.o
 .debug_info    0x000044a6      0x108 lib/uart.o
 .debug_info    0x000045ae      0xa76 main.o

.debug_abbrev   0x00000000     0x14c8
 *(.debug_abbrev)
 .debug_abbrev  0x00000000      0x5a2 C:/Users/wuxue/Desktop/ese519/7.0/Packs/Atmel/ATmega_DFP/2.1.506/gcc/dev/atmega328p/avr5/crtatmega328p.o
 .debug_abbrev  0x000005a2       0xf8 FreeRTOS/Source/list.o
 .debug_abbrev  0x0000069a      0x150 FreeRTOS/Source/portable/GCC/ATMega328/port.o
 .debug_abbrev  0x000007ea      0x2a3 FreeRTOS/Source/tasks.o
 .debug_abbrev  0x00000a8d      0x236 lib/hx711.o
 .debug_abbrev  0x00000cc3      0x1dc lib/i2c.o
 .debug_abbrev  0x00000e9f      0x294 lib/shtc3.o
 .debug_abbrev  0x00001133       0xd4 lib/uart.o
 .debug_abbrev  0x00001207      0x2c1 main.o

.debug_line     0x00000000     0x2c91
 *(.debug_line .debug_line.* .debug_line_end)
 .debug_line    0x00000000      0x134 C:/Users/wuxue/Desktop/ese519/7.0/Packs/Atmel/ATmega_DFP/2.1.506/gcc/dev/atmega328p/avr5/crtatmega328p.o
 .debug_line    0x00000134      0x218 FreeRTOS/Source/list.o
 .debug_line    0x0000034c      0x2d7 FreeRTOS/Source/portable/GCC/ATMega328/port.o
 .debug_line    0x00000623      0xd82 FreeRTOS/Source/tasks.o
 .debug_line    0x000013a5      0x3e8 lib/hx711.o
 .debug_line    0x0000178d      0xabc lib/i2c.o
 .debug_line    0x00002249      0x4b7 lib/shtc3.o
 .debug_line    0x00002700      0x123 lib/uart.o
 .debug_line    0x00002823      0x46e main.o

.debug_frame    0x00000000     0x109c
 *(.debug_frame)
 .debug_frame   0x00000000       0x88 FreeRTOS/Source/list.o
 .debug_frame   0x00000088       0x84 FreeRTOS/Source/portable/GCC/ATMega328/port.o
 .debug_frame   0x0000010c      0x46c FreeRTOS/Source/tasks.o
 .debug_frame   0x00000578      0x1b0 lib/hx711.o
 .debug_frame   0x00000728      0x524 lib/i2c.o
 .debug_frame   0x00000c4c      0x1bc lib/shtc3.o
 .debug_frame   0x00000e08       0x60 lib/uart.o
 .debug_frame   0x00000e68      0x234 main.o

.debug_str      0x00000000     0x15e0
 *(.debug_str)
 .debug_str     0x00000000      0x208 C:/Users/wuxue/Desktop/ese519/7.0/Packs/Atmel/ATmega_DFP/2.1.506/gcc/dev/atmega328p/avr5/crtatmega328p.o
 .debug_str     0x00000208      0x2ab FreeRTOS/Source/list.o
                                0x2ea (size before relaxing)
 .debug_str     0x000004b3      0x158 FreeRTOS/Source/portable/GCC/ATMega328/port.o
                                0x304 (size before relaxing)
 .debug_str     0x0000060b      0x7bc FreeRTOS/Source/tasks.o
                                0xb3f (size before relaxing)
 .debug_str     0x00000dc7      0x17d lib/hx711.o
                                0x345 (size before relaxing)
 .debug_str     0x00000f44      0x28b lib/i2c.o
                                0x43c (size before relaxing)
 .debug_str     0x000011cf      0x1db lib/shtc3.o
                                0x426 (size before relaxing)
 .debug_str     0x000013aa       0x47 lib/uart.o
                                0x1e1 (size before relaxing)
 .debug_str     0x000013f1      0x1ef main.o
                                0x4f5 (size before relaxing)

.debug_loc      0x00000000     0x50ef
 *(.debug_loc)
 .debug_loc     0x00000000      0x145 FreeRTOS/Source/list.o
 .debug_loc     0x00000145      0x293 FreeRTOS/Source/portable/GCC/ATMega328/port.o
 .debug_loc     0x000003d8     0x1919 FreeRTOS/Source/tasks.o
 .debug_loc     0x00001cf1      0x457 lib/hx711.o
 .debug_loc     0x00002148     0x1c7a lib/i2c.o
 .debug_loc     0x00003dc2      0xa39 lib/shtc3.o
 .debug_loc     0x000047fb       0x57 lib/uart.o
 .debug_loc     0x00004852      0x89d main.o

.debug_macinfo
 *(.debug_macinfo)

.debug_weaknames
 *(.debug_weaknames)

.debug_funcnames
 *(.debug_funcnames)

.debug_typenames
 *(.debug_typenames)

.debug_varnames
 *(.debug_varnames)

.debug_pubtypes
 *(.debug_pubtypes)

.debug_ranges   0x00000000      0x478
 *(.debug_ranges)
 .debug_ranges  0x00000000       0x30 FreeRTOS/Source/list.o
 .debug_ranges  0x00000030       0x40 FreeRTOS/Source/portable/GCC/ATMega328/port.o
 .debug_ranges  0x00000070      0x150 FreeRTOS/Source/tasks.o
 .debug_ranges  0x000001c0       0xa0 lib/hx711.o
 .debug_ranges  0x00000260      0x120 lib/i2c.o
 .debug_ranges  0x00000380       0x78 lib/shtc3.o
 .debug_ranges  0x000003f8       0x28 lib/uart.o
 .debug_ranges  0x00000420       0x58 main.o

.debug_macro
 *(.debug_macro)
OUTPUT(ESE519FinalProject.elf elf32-avr)
LOAD linker stubs
